﻿
> chargingaiot@0.0.0 build
> vue-tsc -b && vite build

[36mvite v8.0.3 [32mbuilding client environment for production...[36m[39m
[2K
transforming...鉁?2307 modules transformed.
node.exe : [31m鉁?[39m Build failed in 705ms
所在位置 行:1 字符: 1
+ & "C:\nvm4w\nodejs/node.exe" "C:\nvm4w\nodejs/node_modules/npm/bin/np ...
+ ~~~~~~~~~~~~~~~~~~~~~~~~~~~~~~~~~~~~~~~~~~~~~~~~~~~~~~~~~~~~~~~~~~~~~
    + CategoryInfo          : NotSpecified: ([31m鉁?[39m Build failed in 705ms 
   :String) [], RemoteException
    + FullyQualifiedErrorId : NativeCommandError
 
[31merror during build:
[31mBuild failed with 1 error:

[plugin vite:vue] F:/charging_platform/charging-aiot-vue/src/views/Personnel/in
dex.vue:891:7
RolldownError: Element is missing end tag.
SyntaxError: Element is missing end tag.
    at createCompilerError (F:\charging_platform\charging-aiot-vue\node_modules
\@vue\compiler-core\dist\compiler-core.cjs.prod.js:1374:17)
    at emitError (F:\charging_platform\charging-aiot-vue\node_modules\@vue\comp
iler-core\dist\compiler-core.cjs.prod.js:2980:5)
    at Object.onclosetag (F:\charging_platform\charging-aiot-vue\node_modules\@
vue\compiler-core\dist\compiler-core.cjs.prod.js:2377:13)
    at Tokenizer.stateInClosingTagName (F:\charging_platform\charging-aiot-vue\
node_modules\@vue\compiler-core\dist\compiler-core.cjs.prod.js:799:16)
    at Tokenizer.parse (F:\charging_platform\charging-aiot-vue\node_modules\@vu
e\compiler-core\dist\compiler-core.cjs.prod.js:1157:16)
    at Object.baseParse (F:\charging_platform\charging-aiot-vue\node_modules\@v
ue\compiler-core\dist\compiler-core.cjs.prod.js:3012:13)
    at Object.parse (F:\charging_platform\charging-aiot-vue\node_modules\@vue\c
ompiler-dom\dist\compiler-dom.cjs.prod.js:665:23)
    at Object.parse$1 [as parse] (F:\charging_platform\charging-aiot-vue\node_m
odules\@vue\compiler-sfc\dist\compiler-sfc.cjs.js:1824:24)
    at createDescriptor (file:///F:/charging_platform/charging-aiot-vue/node_mo
dules/@vitejs/plugin-vue/dist/index.mjs:54:42)
    at transformMain (file:///F:/charging_platform/charging-aiot-vue/node_modul
es/@vitejs/plugin-vue/dist/index.mjs:1319:33)[31m
    at aggregateBindingErrorsIntoJsError (file:///F:/charging_platform/charging
-aiot-vue/node_modules/rolldown/dist/shared/error-BLhcSyeg.mjs:48:18)
    at unwrapBindingResult (file:///F:/charging_platform/charging-aiot-vue/node
_modules/rolldown/dist/shared/error-BLhcSyeg.mjs:18:128)
    at #build (file:///F:/charging_platform/charging-aiot-vue/node_modules/roll
down/dist/shared/rolldown-build-CPrIX9V6.mjs:3313:34)
    at async buildEnvironment (file:///F:/charging_platform/charging-aiot-vue/n
ode_modules/vite/dist/node/chunks/node.js:32849:64)
    at async Object.build (file:///F:/charging_platform/charging-aiot-vue/node_
modules/vite/dist/node/chunks/node.js:33271:19)
    at async Object.buildApp (file:///F:/charging_platform/charging-aiot-vue/no
de_modules/vite/dist/node/chunks/node.js:33268:153)
    at async CAC.<anonymous> (file:///F:/charging_platform/charging-aiot-vue/no
de_modules/vite/dist/node/cli.js:778:3) {
  errors: [Getter/Setter]
}[39m
